==========================================
SLURM_CLUSTER_NAME = rudra20pf-hpc
SLURM_ARRAY_JOB_ID = 
SLURM_ARRAY_TASK_ID = 
SLURM_ARRAY_TASK_COUNT = 
SLURM_ARRAY_TASK_MAX = 
SLURM_ARRAY_TASK_MIN = 
SLURM_JOB_ACCOUNT = cdac
SLURM_JOB_ID = 85345
SLURM_JOB_NAME = sycl-mpi-multi
SLURM_JOB_NODELIST = cbcn[0102-0105]
SLURM_JOB_USER = cdacapp01
SLURM_JOB_UID = 80014
SLURM_JOB_PARTITION = debug
SLURM_TASK_PID = 563015
SLURM_SUBMIT_DIR = /home/apps/softwares/sycl-stack/test
SLURM_CPUS_ON_NODE = 32
SLURM_NTASKS = 16
SLURM_TASK_PID = 563015
==========================================
Rank 12 -> Rank 13 -> Rank 14 -> Rank 15 -> SYCL Native CPU
SYCL Native CPU
SYCL Native CPU
SYCL Native CPU
Rank 9 -> Rank 10 -> Rank 8 -> Rank 11 -> SYCL Native CPU
SYCL Native CPU
SYCL Native CPU
SYCL Native CPU
============================================
       MPI + SYCL MULTI-NODE CPU
       MATRIX MULTIPLICATION
============================================

MPI processes : 16
Matrix size   : 20000 x 20000
SYCL backend  : CPU

Rank Rank 1 -> Rank 2 -> Rank 3 -> 0 -> SYCL Native CPU
SYCL Native CPU
SYCL Native CPU
SYCL Native CPU
Rank 4 -> Rank 5 -> Rank 6 -> Rank 7 -> SYCL Native CPU
SYCL Native CPU
SYCL Native CPU
SYCL Native CPU

============================================
                 RESULTS
============================================
MPI processes : 16
Matrix size   : 20000 x 20000
Execution time: 55.52 seconds
Performance   : 288.19 GFLOPS
Verification  : PASSED
============================================
