==========================================
SLURM_CLUSTER_NAME = rudra20pf-hpc
SLURM_ARRAY_JOB_ID = 
SLURM_ARRAY_TASK_ID = 
SLURM_ARRAY_TASK_COUNT = 
SLURM_ARRAY_TASK_MAX = 
SLURM_ARRAY_TASK_MIN = 
SLURM_JOB_ACCOUNT = cdac
SLURM_JOB_ID = 85357
SLURM_JOB_NAME = sycl-mpi-multi
SLURM_JOB_NODELIST = cbgpu[0021-0022]
SLURM_JOB_USER = cdacapp01
SLURM_JOB_UID = 80014
SLURM_JOB_PARTITION = gpu-debug
SLURM_TASK_PID = 3731831
SLURM_SUBMIT_DIR = /home/apps/softwares/sycl-stack/test
SLURM_CPUS_ON_NODE = 16
SLURM_NTASKS = 4
SLURM_TASK_PID = 3731831
==========================================
Rank 2 | Local rank 0 | GPU 0 | Rank 3 | Local rank 1 | GPU 1 | NVIDIA A100 80GB PCIe
NVIDIA A100 80GB PCIe
============================================
       MPI + SYCL MULTI-NODE GPU
       MATRIX MULTIPLICATION
============================================

MPI processes : 4
Matrix size   : 100000 x 100000
MPI ranks/node: 2
Rank 1 | Local rank 1 | GPU 1 | GPUs/rank     : 1

Rank 0 | Local rank 0 | GPU 0 | NVIDIA A100 80GB PCIe
NVIDIA A100 80GB PCIe

===================================================================================
=   BAD TERMINATION OF ONE OF YOUR APPLICATION PROCESSES
=   PID 2736126 RUNNING AT cbgpu0022
=   EXIT CODE: 134
=   CLEANING UP REMAINING PROCESSES
=   YOU CAN IGNORE THE BELOW CLEANUP MESSAGES
===================================================================================
